// Jest Snapshot v1, https://goo.gl/fbAQLP

exports[`Main routes Testing route: "/" returns 200 1`] = `
{
  "message": "World",
  "title": "Hello",
}
`;
